[backblue.gif]
[fade.gif]
[index.html]
[khai-partners.com/khai-partners-logo.png]
[khai-partners.com/khairul-anam-profile.jpeg]
[khai-partners.com/team-member-02.jpg]
[khai-partners.com/team-member-03.jpg]
[khai-partners.com/team-member-04.jpg]
[khai-partners.com/index.html]
[khai-partners.com/styles.css]
[khai-partners.com/logo.css]
[khai-partners.com/refinement.css]
[khai-partners.com/home.css]
[khai-partners.com/tentang.html]
[khai-partners.com/bidang-praktik.html]
[khai-partners.com/profil.html]
[khai-partners.com/kontak.html]
[khai-partners.com/script.js]
[khai-partners.com/cdn-cgi/challenge-platform/h/g/scripts/jsd/330e41bb475c/maind41d.js]
[khai-partners.com/page.css]
